Okay...maybe you're bad.
Are you bad?
I think you're just bad.
You're bad.
That's because you're bad.
Do you see how you're bad?
You're so bad...
Wait...you're bad.
Why are you so bad?
No.  You're bad.
